../Core/Src/main.c:86:5:main	24	static
../Core/Src/main.c:164:6:SystemClock_Config	88	static
../Core/Src/main.c:219:6:lcd_write_nibble	32	static
../Core/Src/main.c:230:6:lcd_send_cmd	24	static
../Core/Src/main.c:240:6:lcd_send_data	24	static
../Core/Src/main.c:247:6:lcd_init	8	static
../Core/Src/main.c:263:6:lcd_write_string	16	static
../Core/Src/main.c:269:6:lcd_set_cursor	24	static
../Core/Src/main.c:285:6:lcd_clear	8	static
../Core/Src/main.c:290:6:lcd_backlight	16	static
../Core/Src/main.c:304:6:Error_Handler	4	static,ignoring_inline_asm
